03:29:31 DEBUG    Loaded: Dauda Kahutu Rarara (Nigeria, Music Artist, max=5)
03:29:31 DEBUG    Loaded: Umar M Sharif (Nigeria, Music Artist, max=5)
03:29:31 DEBUG    Loaded: Garzali Miko (Nigeria, Music Artist, max=3)
03:29:31 DEBUG    Loaded: Zaki Dan Yaya (Nigeria, Music Artist, max=3)
03:29:31 DEBUG    Loaded: Babba Sadou (Nigeria, Music Artist, max=3)
03:29:31 DEBUG    Loaded: Burna Boy (Nigeria, Music Artist, max=5)
03:29:31 DEBUG    Loaded: Wizkid (Nigeria, Music Artist, max=5)
03:29:31 DEBUG    Loaded: Davido (Nigeria, Music Artist, max=5)
03:29:31 DEBUG    Loaded: Tiwa Savage (Nigeria, Music Artist, max=5)
03:29:31 DEBUG    Loaded: Genevieve Nnaji (Nigeria, Actress, max=5)
03:29:31 INFO     Loaded 10 artist(s) from 'artists.txt'
03:29:31 INFO     Output CSV → /home/dell/Downloads/news_scrapper/output/news_20260603_032931.csv
03:29:31 INFO     ━━ [1/10] Dauda Kahutu Rarara (Nigeria · Music Artist · max=5)
03:29:31 INFO       Query: "Dauda Kahutu Rarara" Music Artist
03:29:31 DEBUG      GET https://gnews.io/api/v4/search?q=%22Dauda+Kahutu+Rarara%22+Music+Artist&lang=en&max=10&apikey=***
03:29:37 DEBUG      GNews returned 0 articles (total=0)
03:29:37 INFO       GNews: 0 new results for query #1
03:29:38 INFO       Query: "Dauda Kahutu Rarara" music news
03:29:38 DEBUG      GET https://gnews.io/api/v4/search?q=%22Dauda+Kahutu+Rarara%22+music+news&lang=en&max=10&apikey=***
03:29:39 DEBUG      GNews returned 0 articles (total=0)
03:29:39 INFO       GNews: 0 new results for query #2
03:29:40 INFO       Query: "Dauda Kahutu Rarara" Nigeria
03:29:40 DEBUG      GET https://gnews.io/api/v4/search?q=%22Dauda+Kahutu+Rarara%22+Nigeria&lang=en&max=10&apikey=***
03:29:43 DEBUG      GNews returned 0 articles (total=0)
03:29:43 INFO       GNews: 0 new results for query #3
03:29:43 DEBUG      Raw total before dedup: 0
03:29:43 INFO       No results from GNews for: Dauda Kahutu Rarara
03:29:43 INFO     ━━ [2/10] Umar M Sharif (Nigeria · Music Artist · max=5)
03:29:43 INFO       Query: "Umar M Sharif" Music Artist
03:29:43 DEBUG      GET https://gnews.io/api/v4/search?q=%22Umar+M+Sharif%22+Music+Artist&lang=en&max=10&apikey=***
03:29:44 WARNING    429 Too Many Requests — waiting 2s before retry 1/3
03:29:46 DEBUG      GNews returned 0 articles (total=0)
03:29:46 INFO       GNews: 0 new results for query #1
03:29:48 INFO       Query: "Umar M Sharif" music news
03:29:48 DEBUG      GET https://gnews.io/api/v4/search?q=%22Umar+M+Sharif%22+music+news&lang=en&max=10&apikey=***
03:29:48 DEBUG      GNews returned 0 articles (total=0)
03:29:48 INFO       GNews: 0 new results for query #2
03:29:50 INFO       Query: "Umar M Sharif" Nigeria
03:29:50 DEBUG      GET https://gnews.io/api/v4/search?q=%22Umar+M+Sharif%22+Nigeria&lang=en&max=10&apikey=***
03:29:51 DEBUG      GNews returned 0 articles (total=0)
03:29:51 INFO       GNews: 0 new results for query #3
03:29:51 DEBUG      Raw total before dedup: 0
03:29:51 INFO       No results from GNews for: Umar M Sharif
03:29:51 INFO     ━━ [3/10] Garzali Miko (Nigeria · Music Artist · max=3)
03:29:51 INFO       Query: "Garzali Miko" Music Artist
03:29:51 DEBUG      GET https://gnews.io/api/v4/search?q=%22Garzali+Miko%22+Music+Artist&lang=en&max=10&apikey=***
03:29:51 WARNING    429 Too Many Requests — waiting 2s before retry 1/3
03:29:54 DEBUG      GNews returned 0 articles (total=0)
03:29:54 INFO       GNews: 0 new results for query #1
03:29:55 INFO       Query: "Garzali Miko" music news
03:29:55 DEBUG      GET https://gnews.io/api/v4/search?q=%22Garzali+Miko%22+music+news&lang=en&max=10&apikey=***
03:29:57 DEBUG      GNews returned 0 articles (total=0)
03:29:57 INFO       GNews: 0 new results for query #2
03:29:58 INFO       Query: "Garzali Miko" Nigeria
03:29:58 DEBUG      GET https://gnews.io/api/v4/search?q=%22Garzali+Miko%22+Nigeria&lang=en&max=10&apikey=***
03:29:59 DEBUG      GNews returned 0 articles (total=0)
03:29:59 INFO       GNews: 0 new results for query #3
03:29:59 DEBUG      Raw total before dedup: 0
03:29:59 INFO       No results from GNews for: Garzali Miko
03:29:59 INFO     ━━ [4/10] Zaki Dan Yaya (Nigeria · Music Artist · max=3)
03:29:59 INFO       Query: "Zaki Dan Yaya" Music Artist
03:29:59 DEBUG      GET https://gnews.io/api/v4/search?q=%22Zaki+Dan+Yaya%22+Music+Artist&lang=en&max=10&apikey=***
03:29:59 WARNING    429 Too Many Requests — waiting 2s before retry 1/3
03:30:03 DEBUG      GNews returned 0 articles (total=0)
03:30:03 INFO       GNews: 0 new results for query #1
03:30:05 INFO       Query: "Zaki Dan Yaya" music news
03:30:05 DEBUG      GET https://gnews.io/api/v4/search?q=%22Zaki+Dan+Yaya%22+music+news&lang=en&max=10&apikey=***
03:30:06 DEBUG      GNews returned 0 articles (total=0)
03:30:06 INFO       GNews: 0 new results for query #2
03:30:07 INFO       Query: "Zaki Dan Yaya" Nigeria
03:30:07 DEBUG      GET https://gnews.io/api/v4/search?q=%22Zaki+Dan+Yaya%22+Nigeria&lang=en&max=10&apikey=***
03:30:08 DEBUG      GNews returned 0 articles (total=0)
03:30:08 INFO       GNews: 0 new results for query #3
03:30:08 DEBUG      Raw total before dedup: 0
03:30:08 INFO       No results from GNews for: Zaki Dan Yaya
03:30:08 INFO     ━━ [5/10] Babba Sadou (Nigeria · Music Artist · max=3)
03:30:08 INFO       Query: "Babba Sadou" Music Artist
03:30:08 DEBUG      GET https://gnews.io/api/v4/search?q=%22Babba+Sadou%22+Music+Artist&lang=en&max=10&apikey=***
03:30:09 WARNING    429 Too Many Requests — waiting 2s before retry 1/3
03:30:12 DEBUG      GNews returned 0 articles (total=0)
03:30:12 INFO       GNews: 0 new results for query #1
03:30:13 INFO       Query: "Babba Sadou" music news
03:30:13 DEBUG      GET https://gnews.io/api/v4/search?q=%22Babba+Sadou%22+music+news&lang=en&max=10&apikey=***
03:30:14 DEBUG      GNews returned 0 articles (total=0)
03:30:14 INFO       GNews: 0 new results for query #2
03:30:15 INFO       Query: "Babba Sadou" Nigeria
03:30:15 DEBUG      GET https://gnews.io/api/v4/search?q=%22Babba+Sadou%22+Nigeria&lang=en&max=10&apikey=***
03:30:16 DEBUG      GNews returned 0 articles (total=0)
03:30:16 INFO       GNews: 0 new results for query #3
03:30:16 DEBUG      Raw total before dedup: 0
03:30:16 INFO       No results from GNews for: Babba Sadou
03:30:16 INFO     ━━ [6/10] Burna Boy (Nigeria · Music Artist · max=5)
03:30:16 INFO       Query: "Burna Boy" Music Artist
03:30:16 DEBUG      GET https://gnews.io/api/v4/search?q=%22Burna+Boy%22+Music+Artist&lang=en&max=10&apikey=***
03:30:16 WARNING    429 Too Many Requests — waiting 2s before retry 1/3
03:30:20 DEBUG      GNews returned 4 articles (total=6)
03:30:20 INFO       GNews: 4 new results for query #1
03:30:21 DEBUG      Got 4 articles — skipping further query templates
03:30:21 DEBUG      Raw total before dedup: 4
03:30:21 INFO       3 unique articles after dedup (from 4 raw)
03:30:21 INFO       ✔  [score=3 | Music] Shakira and Burna Boy release “Dai Dai” the FIFA World Cup 2026™ offic
03:30:21 INFO       ✔  [score=2 | Music] Queen of World Cup music returns: Shakira drops 2026 anthem 'Dai Dai' 
03:30:21 INFO       ✔  [score=3 | Music] Shakira Debuts Dai Dai, 2026 FIFA World Cup's New Anthem With Burna Bo
03:30:21 INFO       → 3 article(s) accepted for Burna Boy
03:30:22 INFO     ━━ [7/10] Wizkid (Nigeria · Music Artist · max=5)
03:30:22 INFO       Query: "Wizkid" Music Artist
03:30:22 DEBUG      GET https://gnews.io/api/v4/search?q=%22Wizkid%22+Music+Artist&lang=en&max=10&apikey=***
03:30:23 DEBUG      GNews returned 0 articles (total=1)
03:30:23 INFO       GNews: 0 new results for query #1
03:30:24 INFO       Query: "Wizkid" music news
03:30:24 DEBUG      GET https://gnews.io/api/v4/search?q=%22Wizkid%22+music+news&lang=en&max=10&apikey=***
03:30:25 DEBUG      GNews returned 0 articles (total=0)
03:30:25 INFO       GNews: 0 new results for query #2
03:30:26 INFO       Query: "Wizkid" Nigeria
03:30:26 DEBUG      GET https://gnews.io/api/v4/search?q=%22Wizkid%22+Nigeria&lang=en&max=10&apikey=***
03:30:27 DEBUG      GNews returned 0 articles (total=4)
03:30:27 INFO       GNews: 0 new results for query #3
03:30:27 DEBUG      Raw total before dedup: 0
03:30:27 INFO       No results from GNews for: Wizkid
03:30:27 INFO     ━━ [8/10] Davido (Nigeria · Music Artist · max=5)
03:30:27 INFO       Query: "Davido" Music Artist
03:30:27 DEBUG      GET https://gnews.io/api/v4/search?q=%22Davido%22+Music+Artist&lang=en&max=10&apikey=***
03:30:28 WARNING    429 Too Many Requests — waiting 2s before retry 1/3
03:30:31 DEBUG      GNews returned 0 articles (total=2)
03:30:31 INFO       GNews: 0 new results for query #1
03:30:32 INFO       Query: "Davido" music news
03:30:32 DEBUG      GET https://gnews.io/api/v4/search?q=%22Davido%22+music+news&lang=en&max=10&apikey=***
03:30:33 DEBUG      GNews returned 0 articles (total=0)
03:30:33 INFO       GNews: 0 new results for query #2
03:30:34 INFO       Query: "Davido" Nigeria
03:30:34 DEBUG      GET https://gnews.io/api/v4/search?q=%22Davido%22+Nigeria&lang=en&max=10&apikey=***
03:30:35 DEBUG      GNews returned 0 articles (total=7)
03:30:35 INFO       GNews: 0 new results for query #3
03:30:35 DEBUG      Raw total before dedup: 0
03:30:35 INFO       No results from GNews for: Davido
03:30:35 INFO     ━━ [9/10] Tiwa Savage (Nigeria · Music Artist · max=5)
03:30:35 INFO       Query: "Tiwa Savage" Music Artist
03:30:35 DEBUG      GET https://gnews.io/api/v4/search?q=%22Tiwa+Savage%22+Music+Artist&lang=en&max=10&apikey=***
03:30:36 WARNING    429 Too Many Requests — waiting 2s before retry 1/3
03:30:39 DEBUG      GNews returned 0 articles (total=0)
03:30:39 INFO       GNews: 0 new results for query #1
03:30:40 INFO       Query: "Tiwa Savage" music news
03:30:40 DEBUG      GET https://gnews.io/api/v4/search?q=%22Tiwa+Savage%22+music+news&lang=en&max=10&apikey=***
03:30:41 DEBUG      GNews returned 0 articles (total=0)
03:30:41 INFO       GNews: 0 new results for query #2
03:30:42 INFO       Query: "Tiwa Savage" Nigeria
03:30:42 DEBUG      GET https://gnews.io/api/v4/search?q=%22Tiwa+Savage%22+Nigeria&lang=en&max=10&apikey=***
03:30:43 DEBUG      GNews returned 2 articles (total=5)
03:30:43 INFO       GNews: 2 new results for query #3
03:30:43 DEBUG      Raw total before dedup: 2
03:30:43 INFO       2 unique articles after dedup (from 2 raw)
03:30:43 INFO       ✔  [score=3 | Music] Nigerian Afrobeats star partners with US school to nurture African tal
03:30:43 INFO       ✔  [score=4 | Music] Nigerian Afrobeats star Tiwa Savage nurtures Africa's musical talent
03:30:43 INFO       → 2 article(s) accepted for Tiwa Savage
03:30:44 INFO     ━━ [10/10] Genevieve Nnaji (Nigeria · Actress · max=5)
03:30:44 INFO       Query: "Genevieve Nnaji" Actress
03:30:44 DEBUG      GET https://gnews.io/api/v4/search?q=%22Genevieve+Nnaji%22+Actress&lang=en&max=10&apikey=***
03:30:45 DEBUG      GNews returned 0 articles (total=0)
03:30:45 INFO       GNews: 0 new results for query #1
03:30:46 INFO       Query: "Genevieve Nnaji" music news
03:30:46 DEBUG      GET https://gnews.io/api/v4/search?q=%22Genevieve+Nnaji%22+music+news&lang=en&max=10&apikey=***
03:30:47 DEBUG      GNews returned 0 articles (total=0)
03:30:47 INFO       GNews: 0 new results for query #2
03:30:48 INFO       Query: "Genevieve Nnaji" Nigeria
03:30:48 DEBUG      GET https://gnews.io/api/v4/search?q=%22Genevieve+Nnaji%22+Nigeria&lang=en&max=10&apikey=***
03:30:49 DEBUG      GNews returned 0 articles (total=0)
03:30:49 INFO       GNews: 0 new results for query #3
03:30:49 DEBUG      Raw total before dedup: 0
03:30:49 INFO       No results from GNews for: Genevieve Nnaji
03:30:49 INFO     ━━━━━━━━━━━━━━━━━━━━━━━━━━━━━━━━━━━━━━━━━━━━━━━━━━━━━━━━━━━━
03:30:49 INFO     Finished
03:30:49 INFO       Artists processed : 10 / 10
03:30:49 INFO       Artists with hits : 2
03:30:49 INFO       Articles accepted : 5
03:30:49 INFO       Articles rejected : 0  (failed relevance filter)
03:30:49 INFO       Output CSV        : /home/dell/Downloads/news_scrapper/output/news_20260603_032931.csv
03:30:49 INFO       Rows written      : 5
